[2026-03-26 11:45:04] [INFO]:  ==========S=========
[2026-03-26 11:45:04] [INFO]:  model path: C:\Users\jialab\.conda\envs\squid\engine\Aries 6506.dat
[2026-03-26 11:45:04] [INFO]:  device_id: -1
[2026-03-26 11:45:04] [INFO]:  Inference device - CPU.
[2026-03-26 11:45:04] [EROR]:  The model file does not exist!
[2026-03-26 11:45:04] [EROR]:  Model initialization error !
[2026-03-26 11:45:04] [INFO]:  ==========E=========


[2026-03-26 11:46:34] [INFO]:  ==========S=========
[2026-03-26 11:46:34] [INFO]:  model path: C:\Users\jialab\.conda\envs\squid\engine\Aries 6506.dat
[2026-03-26 11:46:34] [INFO]:  device_id: -1
[2026-03-26 11:46:34] [INFO]:  Inference device - CPU.
[2026-03-26 11:46:34] [EROR]:  The model file does not exist!
[2026-03-26 11:46:34] [EROR]:  Model initialization error !
[2026-03-26 11:46:34] [INFO]:  ==========E=========


[2026-03-26 11:50:47] [INFO]:  ==========S=========
[2026-03-26 11:50:47] [INFO]:  model path: C:\Users\jialab\.conda\envs\squid\engine\Aries 6506.dat
[2026-03-26 11:50:47] [INFO]:  device_id: -1
[2026-03-26 11:50:47] [INFO]:  Inference device - CPU.
[2026-03-26 11:50:47] [EROR]:  The model file does not exist!
[2026-03-26 11:50:47] [EROR]:  Model initialization error !
[2026-03-26 11:50:47] [INFO]:  ==========E=========


[2026-03-26 12:40:06] [INFO]:  ==========S=========
[2026-03-26 12:40:06] [INFO]:  model path: C:\Users\jialab\.conda\envs\squid\engine\Aries 6506.dat
[2026-03-26 12:40:06] [INFO]:  device_id: -1
[2026-03-26 12:40:06] [INFO]:  Inference device - CPU.
[2026-03-26 12:40:06] [EROR]:  The model file does not exist!
[2026-03-26 12:40:06] [EROR]:  Model initialization error !
[2026-03-26 12:40:06] [INFO]:  ==========E=========


[2026-03-26 12:43:26] [INFO]:  ==========S=========
[2026-03-26 12:43:26] [INFO]:  model path: C:\Users\jialab\.conda\envs\squid\engine\Aries 6506.dat
[2026-03-26 12:43:26] [INFO]:  device_id: -1
[2026-03-26 12:43:26] [INFO]:  Inference device - CPU.
[2026-03-26 12:43:26] [EROR]:  The model file does not exist!
[2026-03-26 12:43:26] [EROR]:  Model initialization error !
[2026-03-26 12:43:26] [INFO]:  ==========E=========


[2026-03-26 12:44:56] [INFO]:  ==========S=========
[2026-03-26 12:44:56] [INFO]:  model path: C:\Users\jialab\.conda\envs\squid\engine\Aries 6506.dat
[2026-03-26 12:44:56] [INFO]:  device_id: -1
[2026-03-26 12:44:56] [INFO]:  Inference device - CPU.
[2026-03-26 12:44:56] [EROR]:  The model file does not exist!
[2026-03-26 12:44:56] [EROR]:  Model initialization error !
[2026-03-26 12:44:56] [INFO]:  ==========E=========


[2026-03-26 12:47:09] [INFO]:  ==========S=========
[2026-03-26 12:47:09] [INFO]:  model path: C:\Users\jialab\.conda\envs\squid\engine\Aries 6506.dat
[2026-03-26 12:47:09] [INFO]:  device_id: -1
[2026-03-26 12:47:09] [INFO]:  Inference device - CPU.
[2026-03-26 12:47:09] [EROR]:  The model file does not exist!
[2026-03-26 12:47:09] [EROR]:  Model initialization error !
[2026-03-26 12:47:09] [INFO]:  ==========E=========


[2026-03-26 12:50:07] [INFO]:  ==========S=========
[2026-03-26 12:50:07] [INFO]:  model path: C:\Users\jialab\.conda\envs\squid\engine\Aries 6506.dat
[2026-03-26 12:50:07] [INFO]:  device_id: -1
[2026-03-26 12:50:07] [INFO]:  Inference device - CPU.
[2026-03-26 12:50:07] [EROR]:  The model file does not exist!
[2026-03-26 12:50:07] [EROR]:  Model initialization error !
[2026-03-26 12:50:07] [INFO]:  ==========E=========


[2026-03-26 12:54:21] [INFO]:  ==========S=========
[2026-03-26 12:54:21] [INFO]:  model path: C:\Users\jialab\.conda\envs\squid\engine\Aries 6506.dat
[2026-03-26 12:54:21] [INFO]:  device_id: -1
[2026-03-26 12:54:21] [INFO]:  Inference device - CPU.
[2026-03-26 12:54:21] [EROR]:  The model file does not exist!
[2026-03-26 12:54:21] [EROR]:  Model initialization error !
[2026-03-26 12:54:21] [INFO]:  ==========E=========


[2026-03-26 12:55:19] [INFO]:  ==========S=========
[2026-03-26 12:55:19] [INFO]:  model path: C:\Users\jialab\.conda\envs\squid\engine\Aries 6506.dat
[2026-03-26 12:55:19] [INFO]:  device_id: -1
[2026-03-26 12:55:19] [INFO]:  Inference device - CPU.
[2026-03-26 12:55:19] [EROR]:  The model file does not exist!
[2026-03-26 12:55:19] [EROR]:  Model initialization error !
[2026-03-26 12:55:19] [INFO]:  ==========E=========


